<html>
<body>
<pre>
<h1>µVision Build Log</h1>
<h2>Tool Versions:</h2>
IDE-Version: ¦ÌVision V5.14.0.0
Copyright (C) 2015 ARM Ltd and ARM Germany GmbH. All rights reserved.
License Information: Yee Lee, LY, LIC=S5ITG-VZ03I-ZERH2-9G7IF-EPB1V-R8Z1A
 
Tool Versions:
Toolchain:       MDK-ARM Professional  Version: 5.14.0.0
Toolchain Path:  C:\Keil_v5\ARM\ARMCC\Bin
C Compiler:      Armcc.exe V5.05 update 1 (build 106)
Assembler:       Armasm.exe V5.05 update 1 (build 106)
Linker/Locator:  ArmLink.exe V5.05 update 1 (build 106)
Library Manager: ArmAr.exe V5.05 update 1 (build 106)
Hex Converter:   FromElf.exe V5.05 update 1 (build 106)
CPU DLL:         SARMCM3.DLL V5.14.0.0
Dialog DLL:      DCM.DLL V1.13.1.0
Target DLL:      Segger\JL2CM3.dll V2.99.13.0
Dialog DLL:      TCM.DLL V1.14.4.0
 
<h2>Project:</h2>
F:\STM32CubeMX\STM32ubeMX_FreeRTOS_Lesson\Lesson5\FreeRTOS_MailQ\MDK-ARM\FreeRTOS_MailQ.uvprojx
Project File Date:  04/06/2018

<h2>Output:</h2>
Rebuild target 'FreeRTOS_MailQ'
assembling startup_stm32f103xe.s...
compiling stm32f1xx_hal_rcc_ex.c...
compiling stm32f1xx_hal_tim.c...
compiling stm32f1xx_hal_flash.c...
compiling stm32f1xx_hal_tim_ex.c...
compiling stm32f1xx_hal_flash_ex.c...
compiling stm32f1xx_hal.c...
compiling stm32f1xx_hal_gpio.c...
compiling stm32f1xx_hal_cortex.c...
compiling stm32f1xx_hal_rcc.c...
compiling stm32f1xx_hal_gpio_ex.c...
compiling stm32f1xx_hal_pwr.c...
compiling stm32f1xx_hal_dma.c...
compiling stm32f1xx_it.c...
compiling stm32f1xx_hal_timebase_TIM.c...
compiling main.c...
compiling stm32f1xx_hal_msp.c...
compiling freertos.c...
compiling queue.c...
compiling croutine.c...
compiling list.c...
compiling port.c...
compiling event_groups.c...
compiling timers.c...
compiling cmsis_os.c...
compiling tasks.c...
compiling heap_4.c...
compiling system_stm32f1xx.c...
linking...
Program Size: Code=9044 RO-data=444 RW-data=124 ZI-data=4404  
"FreeRTOS_MailQ\FreeRTOS_MailQ.axf" - 0 Error(s), 0 Warning(s).

<h2>Software Packages used:</h2>

Package Vendor: ARM
                http://www.keil.com/pack/ARM.CMSIS.4.2.0.pack
                ARM::CMSIS:CORE:3.40.0
                CMSIS (Cortex Microcontroller Software Interface Standard)
   * Component: CORE Version: 3.40.0

<h2>Collection of Component include folders:</h2>
  F:\STM32CubeMX\STM32ubeMX_FreeRTOS_Lesson\Lesson5\FreeRTOS_MailQ\MDK-ARM\RTE
  C:\Keil_v5\ARM\PACK\ARM\CMSIS\4.2.0\CMSIS\Include
  C:\Keil_v5\ARM\PACK\Keil\STM32F1xx_DFP\2.2.0

<h2>Collection of Component Files used:</h2>

   * Component: ARM::CMSIS:CORE:3.40.0
      Source file:   CMSIS\UserCodeTemplates\ARM\ITM_Retarget.c
</pre>
</body>
</html>
